<?xml version="1.0"?>
<sc:item xmlns:sc="http://www.utc.fr/ics/scenari/v3/core" xmlns:sp="http://www.utc.fr/ics/scenari/v3/primitive" xmlns:op="utc.fr:ics/opale3"><op:acr><op:acrM><sp:acr>AWOS</sp:acr><sp:desc>Ensemble de capteurs météorologiques et de systèmes connexes conçus pour recueillir et diffuser par des moyens électroniques des données météorologiques. (AWOS or automated weather observation system}. Les AWOS servent surtout dans les endroits plus éloignés lorsqu'aucune personne n'est disponible à l'aérodrome pour donner les informations météorologiques au départ et à l'arrivée. Pour l'utilisation de ce système, il suffit de syntoniser la fréquence de la station météo automatisée.</sp:desc></op:acrM></op:acr></sc:item>