<?xml version="1.0"?>
<sc:item xmlns:sc="http://www.utc.fr/ics/scenari/v3/core" xmlns:sp="http://www.utc.fr/ics/scenari/v3/primitive" xmlns:op="utc.fr:ics/opale3"><op:bib><op:bibM><sp:id>Grand dictionnaire terminologique - calage altimétrique.</sp:id><sp:type>web</sp:type><sp:desc><op:bibTxt><sc:para xml:space="preserve">Office québécois de la langue française. (2015). Grand dictionnaire terminologique - calage altimétrique. <sc:uLink role="url" url="https://gdt.oqlf.gouv.qc.ca/ficheOqlf.aspx?Id_Fiche=26512868">https://gdt.oqlf.gouv.qc.ca/ficheOqlf.aspx?Id_Fiche=26512868</sc:uLink></sc:para></op:bibTxt></sp:desc></op:bibM></op:bib></sc:item>