<?xml version="1.0"?>
<sc:item xmlns:sc="http://www.utc.fr/ics/scenari/v3/core" xmlns:sp="http://www.utc.fr/ics/scenari/v3/primitive" xmlns:op="utc.fr:ics/opale3"><op:bib><op:bibM><sp:id>Manuel des espaces aériens désignés</sp:id><sp:type>web</sp:type><sp:desc><op:bibTxt><sc:para xml:space="preserve">Ministère de la défense nationale. (2021, juin). Manuel des espaces aériens désignés. NAV CANADA. <sc:uLink role="url" url="https://www.navcanada.ca/en/dah-next-prochaine_1.pdf">https://www.navcanada.ca/en/dah-next-prochaine_1.pdf</sc:uLink></sc:para></op:bibTxt></sp:desc></op:bibM></op:bib></sc:item>