<?xml version="1.0"?>
<sc:item xmlns:sc="http://www.utc.fr/ics/scenari/v3/core" xmlns:sp="http://www.utc.fr/ics/scenari/v3/primitive" xmlns:op="utc.fr:ics/opale3"><op:glos><op:glosM><sp:term>Radiobalise de repérage d'urgence (ELT)</sp:term><sp:def><op:sTxt><sc:para xml:space="preserve">La radiobalise de repérage d'urgence (ELT) sont des boîtes qui envoient un signal de détresse aux satellites de recherche et sauvetage après un impact. <sc:inlineStyle role="emp">Ils sont interdits dans les drones</sc:inlineStyle>. Ils servent à sauver des vies et non du matériel.</sc:para></op:sTxt></sp:def></op:glosM></op:glos></sc:item>