<?xml version="1.0"?>
<sc:item xmlns:sc="http://www.utc.fr/ics/scenari/v3/core" xmlns:sp="http://www.utc.fr/ics/scenari/v3/primitive" xmlns:op="utc.fr:ics/opale3"><op:glos><op:glosM><sp:term>Région de calage altimétrique</sp:term><sp:def><op:sTxt><sc:para xml:space="preserve">l’espace aérien inférieur précisé comme tel et délimité dans le En anglais : <sc:inlineStyle role="spec">altimeter setting region.</sc:inlineStyle></sc:para><sc:para xml:space="preserve">Ministre de la Justice. (2022, 3 juin). Règlement de l’aviation canadien. Gouvernement du Canada. <sc:phrase role="url"><op:urlM xml:space="default"><sp:url>https://lois-laws.justice.gc.ca/PDF/SOR-96-433.pdf</sp:url></op:urlM>https://lois-laws.justice.gc.ca/PDF/SOR-96-433.pdf</sc:phrase></sc:para></op:sTxt></sp:def></op:glosM></op:glos></sc:item>