<?xml version="1.0"?>
<sc:item xmlns:sc="http://www.utc.fr/ics/scenari/v3/core" xmlns:sp="http://www.utc.fr/ics/scenari/v3/primitive" xmlns:op="utc.fr:ics/opale3"><op:glos><op:glosM><sp:term>Dérive</sp:term><sp:def><op:sTxt><sc:para xml:space="preserve">La dérive est une interruption ou perte de la liaison de commande et de contrôle d'un aéronef télépiloté qui fait en sorte que le pilote ne peut plus contrôler l'aéronef et que celui-ci ne suit plus les procédures prévues ou ne fonctionne plus de manière prévisible ou planifiée. <sc:inlineStyle role="spec">(fly-away)</sc:inlineStyle></sc:para><sc:para xml:space="preserve">Note : Un aéronef à la dérive qui pourrait entrer dans un espace aérien achalandé est un <sc:inlineStyle role="emp">très grand risque pour la sécurité aérienne</sc:inlineStyle>.</sc:para></op:sTxt></sp:def></op:glosM></op:glos></sc:item>