<?xml version="1.0"?>
<sc:item xmlns:sc="http://www.utc.fr/ics/scenari/v3/core" xmlns:sp="http://www.utc.fr/ics/scenari/v3/primitive" xmlns:op="utc.fr:ics/opale3"><op:glos><op:glosM><sp:term>Liaison perdue</sp:term><sp:def><op:sTxt><sc:para xml:space="preserve">Une liaison perdue et une perte de la liaison de commandement et de contrôle avec le véhicule aérien non habité à la suite de laquelle le pilote ne peut plus gérer le vol de l'aéronef.</sc:para></op:sTxt></sp:def></op:glosM></op:glos></sc:item>