<?xml version="1.0"?>
<sc:item xmlns:sc="http://www.utc.fr/ics/scenari/v3/core" xmlns:sp="http://www.utc.fr/ics/scenari/v3/primitive" xmlns:op="utc.fr:ics/opale3"><op:glos><op:glosM><sp:term>Jour</sp:term><sp:def><op:sTxt><sc:para xml:space="preserve">Le jour est la période qui se situe entre le début du crépuscule civil du matin et la fin du crépuscule civil du soir. <sc:inlineStyle role="spec">{day or daylight)</sc:inlineStyle></sc:para><sc:para xml:space="preserve">Note : Le crépuscule civil du matin est aussi appelé «aube civile»</sc:para></op:sTxt></sp:def></op:glosM></op:glos></sc:item>