<?xml version="1.0"?>
<sc:item xmlns:sc="http://www.utc.fr/ics/scenari/v3/core" xmlns:sp="http://www.utc.fr/ics/scenari/v3/primitive" xmlns:op="utc.fr:ics/opale3"><op:glos><op:glosM><sp:term>Mesure obligatoire</sp:term><sp:def><op:sTxt><sc:para xml:space="preserve">Une mesure obligatoire est une Inspection, réparation ou modification à l'égard d'un système d'aéronef télépiloté que son constructeur estime nécessaire et dont l'omission entraînerait un état dangereux ou potentiellement dangereux. <sc:inlineStyle role="spec">(mandatory action)</sc:inlineStyle></sc:para><sc:para xml:space="preserve">Note : Il pourrait s'agir d'une consigne d'entretien comme un calendrier de maintenance, un rappel du manufacturier ou une mise à jour importante.</sc:para></op:sTxt></sp:def></op:glosM></op:glos></sc:item>