<?xml version="1.0"?>
<sc:item xmlns:sc="http://www.utc.fr/ics/scenari/v3/core" xmlns:sp="http://www.utc.fr/ics/scenari/v3/primitive" xmlns:op="utc.fr:ics/opale3"><op:glos><op:glosM><sp:term>Charge utile</sp:term><sp:def><op:sTxt><sc:para xml:space="preserve">La charge utile est un système, objet ou groupe d'objets à bord d'un aéronef télépiloté ou relié à celui-ci sans être essentiel au vol. <sc:inlineStyle role="spec"><sc:inlineStyle role="spec"/><sc:inlineStyle role="spec">(payload)</sc:inlineStyle></sc:inlineStyle><sc:inlineStyle role="spec"/><sc:inlineStyle role="spec"/></sc:para><sc:para xml:space="preserve">Note :</sc:para><sc:para xml:space="preserve">La majorité du temps, les charges utiles sont des caméras montées sur des tourelles stabilisatrices <sc:inlineStyle role="spec">(gimbal)</sc:inlineStyle>.</sc:para></op:sTxt></sp:def></op:glosM></op:glos></sc:item>