<?xml version="1.0"?>
<sc:item xmlns:sc="http://www.utc.fr/ics/scenari/v3/core" xmlns:sp="http://www.utc.fr/ics/scenari/v3/primitive" xmlns:op="utc.fr:ics/opale3"><op:glos><op:glosM><sp:term>Fréquence obligatoire</sp:term><sp:def><op:sTxt><sc:para xml:space="preserve"> :es fréquence obligatoire est la fréquence VHF précisée dans le Canada Air Pilot ou le Supplément de vol-Canada pour l'usage des aéronefs munis d'équipement de radiocommunications qui sont utilisés dans une zone MF. <sc:inlineStyle role="spec">(mandatory frequency)</sc:inlineStyle></sc:para><sc:para xml:space="preserve">Note : Les fréquences obligatoires (<sc:inlineStyle role="emp">MF</sc:inlineStyle>) sont surtout utilisées aux aérodromes ayant un trafic élevé sans unité de contrôle de la circulation aérienne.</sc:para></op:sTxt></sp:def></op:glosM></op:glos></sc:item>