<?xml version="1.0"?>
<sc:item xmlns:sc="http://www.utc.fr/ics/scenari/v3/core" xmlns:sp="http://www.utc.fr/ics/scenari/v3/primitive" xmlns:op="utc.fr:ics/opale3"><op:glos><op:glosM><sp:term>Dispositif de vue à la première personne</sp:term><sp:def><op:sTxt><sc:para xml:space="preserve">Le dispositif de vue à la première personne est un appareil qui génère une image vidéo et la transmet en continu sur un écran ou sur le moniteur du poste de contrôle et qui donne au pilote d'un aéronef télépiloté l'impression de le piloter du point de vue d'un pilote à bord. (first-person view device ou FPV)</sc:para></op:sTxt></sp:def></op:glosM></op:glos></sc:item>