<?xml version="1.0"?>
<sc:item xmlns:sc="http://www.utc.fr/ics/scenari/v3/core" xmlns:sp="http://www.utc.fr/ics/scenari/v3/primitive" xmlns:op="utc.fr:ics/opale3"><op:glos><op:glosM><sp:term>Aérodrome</sp:term><sp:def><op:sTxt><sc:para xml:space="preserve">Un aérodrome est tout terrain, plan d’eau (gelé ou non) ou autre surface d’appui servant ou conçu, aménagé, équipé ou réservé pour servir, en tout ou en partie, aux mouvements et à la mise en œuvre des aéronefs, y compris les installations qui y sont situées ou leur sont rattachées.</sc:para><sc:para xml:space="preserve">Ministre de la Justice. (2022, 11 septembre). Loi sur l’aéronautique. Gouvernement du Canada. <sc:phrase role="url"><op:urlM xml:space="default"><sp:url>https://laws-lois.justice.gc.ca/PDF/A-2.pdf</sp:url></op:urlM>https://laws-lois.justice.gc.ca/PDF/A-2.pdf</sc:phrase></sc:para></op:sTxt></sp:def></op:glosM></op:glos></sc:item>