<?xml version="1.0"?>
<sc:item xmlns:sc="http://www.utc.fr/ics/scenari/v3/core" xmlns:sp="http://www.utc.fr/ics/scenari/v3/primitive" xmlns:op="utc.fr:ics/opale3"><op:glos><op:glosM><sp:term>Fonctions de détection et d'évitement</sp:term><sp:def><op:sTxt><sc:para xml:space="preserve">La fonction de détection et d'évitement est la capacité de voir, de prévoir ou de détecter les conflits de circulation aérienne ou tout autre danger et de prendre les mesures préventives appropriées. <sc:inlineStyle role="spec">(detect and avoid functions)</sc:inlineStyle></sc:para><sc:para xml:space="preserve">Note : Cette fonction est assurée par le pilote et/ou un observateur visuel qui ont l'appareil en portée visuelle.</sc:para></op:sTxt></sp:def></op:glosM></op:glos></sc:item>