<?xml version="1.0"?>
<sc:item xmlns:sc="http://www.utc.fr/ics/scenari/v3/core" xmlns:sp="http://www.utc.fr/ics/scenari/v3/primitive" xmlns:op="utc.fr:ics/opale3"><op:bib><op:bibM><sp:id>TP 15263 Connaissances exigées pour les pilotes de systèmes d’aéronefs télépilotés de 250 g à 25 kg inclusivement, utilisés en visibilité directe (VLOS)</sp:id><sp:type>web</sp:type><sp:desc><op:bibTxt><sc:para xml:space="preserve">Transport Canada. (2019, juin). TP 15263 Connaissances exigées pour les pilotes de systèmes d’aéronefs télépilotés de 250 g à 25 kg inclusivement, utilisés en visibilité directe (VLOS). © Sa Majesté la Reine du chef du Canada, représentée par le ministre des Transports, 2018. <sc:uLink role="url" url="https://tc.canada.ca/sites/default/files/migrated/tp_15263.pdf">https://tc.canada.ca/sites/default/files/migrated/tp_15263.pdf</sc:uLink></sc:para></op:bibTxt></sp:desc></op:bibM></op:bib></sc:item>